// Jest Snapshot v1, https://goo.gl/fbAQLP

exports[`<Round /> renders correctly 1`] = `
<div
  className="round-wrapper"
>
  <div
    className="flex-wrapper"
  >
    <div
      className="question"
    >
      <span>
        8
      </span>
      <h3>
        x
      </h3>
      <span>
        0
      </span>
      <h3>
        =
      </h3>
    </div>
    <canvas
      className="answer"
      height={320}
      onMouseDown={[Function]}
      onMouseMove={[Function]}
      onMouseUp={[Function]}
      width={320}
    />
  </div>
  <div
    className="controls"
  >
    <button
      onClick={[Function]}
    >
      Clear
    </button>
    <button
      onClick={[Function]}
    >
      Predict
    </button>
  </div>
</div>
`;
